// Jest Snapshot v1, https://goo.gl/fbAQLP

exports[`should take a snapshot 1`] = `
<div
  data-testid="Counter"
  id="Counter"
>
  <button
    data-testid="decrementCounter"
    type="button"
  >
    -
  </button>
  <h1
    data-testid="counterValue"
  >
    0
  </h1>
  <button
    data-testid="incrementCounter"
    type="button"
  >
    +
  </button>
</div>
`;
